TAP version 13
# {"ts":"2026-09-26T12:47:30.282Z","level":"info","event":"schema_column_added","table":"user_whoop_tokens","column":"auth_generation"}
# {"ts":"2026-09-26T12:47:30.284Z","level":"info","event":"schema_migrated","from":0,"to":20}
# {"ts":"2026-09-26T12:47:30.285Z","level":"info","event":"user_created","user_id":"preserved","status":"ACTIVE"}
# {"ts":"2026-09-26T12:47:31.453Z","level":"info","event":"schema_column_added","table":"user_whoop_tokens","column":"auth_generation"}
# {"ts":"2026-09-26T12:47:31.454Z","level":"info","event":"schema_migrated","from":0,"to":20}
# {"ts":"2026-09-26T12:47:32.346Z","level":"info","event":"user_created","user_id":"preserved","status":"ACTIVE"}
# {"ts":"2026-09-26T12:47:32.707Z","level":"info","event":"schema_column_added","table":"user_whoop_tokens","column":"auth_generation"}
# {"ts":"2026-09-26T12:47:32.708Z","level":"info","event":"schema_migrated","from":0,"to":20}
# {"ts":"2026-09-26T12:47:33.668Z","level":"info","event":"user_created","user_id":"preserved","status":"ACTIVE"}
# {"ts":"2026-09-26T12:47:36.409Z","level":"info","event":"schema_column_added","table":"user_whoop_tokens","column":"auth_generation"}
# {"ts":"2026-09-26T12:47:36.413Z","level":"info","event":"schema_migrated","from":0,"to":20}
# {"ts":"2026-09-26T12:47:37.706Z","level":"info","event":"schema_column_added","table":"user_whoop_tokens","column":"auth_generation"}
# {"ts":"2026-09-26T12:47:37.707Z","level":"info","event":"schema_migrated","from":0,"to":20}
# {"ts":"2026-09-26T12:47:38.997Z","level":"info","event":"schema_column_added","table":"user_whoop_tokens","column":"auth_generation"}
# {"ts":"2026-09-26T12:47:38.998Z","level":"info","event":"schema_migrated","from":0,"to":20}
# {"ts":"2026-09-26T12:47:40.305Z","level":"info","event":"schema_column_added","table":"user_whoop_tokens","column":"auth_generation"}
# {"ts":"2026-09-26T12:47:40.306Z","level":"info","event":"schema_migrated","from":0,"to":20}
# {"ts":"2026-09-26T12:47:41.621Z","level":"info","event":"schema_column_added","table":"user_whoop_tokens","column":"auth_generation"}
# {"ts":"2026-09-26T12:47:41.622Z","level":"info","event":"schema_migrated","from":0,"to":20}
# {"ts":"2026-09-26T12:47:43.051Z","level":"info","event":"schema_column_added","table":"user_whoop_tokens","column":"auth_generation"}
# {"ts":"2026-09-26T12:47:43.052Z","level":"info","event":"schema_migrated","from":0,"to":20}
# {"ts":"2026-09-26T12:47:44.360Z","level":"info","event":"schema_column_added","table":"user_whoop_tokens","column":"auth_generation"}
# {"ts":"2026-09-26T12:47:44.361Z","level":"info","event":"schema_migrated","from":0,"to":20}
# {"ts":"2026-09-26T12:47:45.691Z","level":"info","event":"schema_column_added","table":"user_whoop_tokens","column":"auth_generation"}
# {"ts":"2026-09-26T12:47:45.692Z","level":"info","event":"schema_migrated","from":0,"to":20}
# {"ts":"2026-09-26T12:47:46.963Z","level":"info","event":"schema_column_added","table":"user_whoop_tokens","column":"auth_generation"}
# {"ts":"2026-09-26T12:47:46.964Z","level":"info","event":"schema_migrated","from":0,"to":20}
# {"ts":"2026-09-26T12:47:48.271Z","level":"info","event":"schema_column_added","table":"user_whoop_tokens","column":"auth_generation"}
# {"ts":"2026-09-26T12:47:48.272Z","level":"info","event":"schema_migrated","from":0,"to":20}
# {"ts":"2026-09-26T12:47:49.563Z","level":"info","event":"schema_column_added","table":"user_whoop_tokens","column":"auth_generation"}
# {"ts":"2026-09-26T12:47:49.564Z","level":"info","event":"schema_migrated","from":0,"to":20}
# {"ts":"2026-09-26T12:47:50.892Z","level":"info","event":"schema_column_added","table":"user_whoop_tokens","column":"auth_generation"}
# {"ts":"2026-09-26T12:47:50.893Z","level":"info","event":"schema_migrated","from":0,"to":20}
# {"ts":"2026-09-26T12:47:52.261Z","level":"info","event":"schema_column_added","table":"user_whoop_tokens","column":"auth_generation"}
# {"ts":"2026-09-26T12:47:52.262Z","level":"info","event":"schema_migrated","from":0,"to":20}
# {"ts":"2026-09-26T12:47:53.560Z","level":"info","event":"schema_column_added","table":"user_whoop_tokens","column":"auth_generation"}
# {"ts":"2026-09-26T12:47:53.561Z","level":"info","event":"schema_migrated","from":0,"to":20}
# {"ts":"2026-09-26T12:47:54.870Z","level":"info","event":"schema_column_added","table":"user_whoop_tokens","column":"auth_generation"}
# {"ts":"2026-09-26T12:47:54.871Z","level":"info","event":"schema_migrated","from":0,"to":20}
# {"ts":"2026-09-26T12:47:56.158Z","level":"info","event":"schema_column_added","table":"user_whoop_tokens","column":"auth_generation"}
# {"ts":"2026-09-26T12:47:56.159Z","level":"info","event":"schema_migrated","from":0,"to":20}
# {"ts":"2026-09-26T12:47:59.457Z","level":"info","event":"schema_column_added","table":"user_whoop_tokens","column":"auth_generation"}
# {"ts":"2026-09-26T12:47:59.458Z","level":"info","event":"schema_migrated","from":0,"to":20}
# {"ts":"2026-09-26T12:48:03.397Z","level":"info","event":"schema_column_added","table":"user_whoop_tokens","column":"auth_generation"}
# {"ts":"2026-09-26T12:48:03.398Z","level":"info","event":"schema_migrated","from":0,"to":20}
# {"ts":"2026-09-26T12:48:06.933Z","level":"info","event":"schema_column_added","table":"user_whoop_tokens","column":"auth_generation"}
# {"ts":"2026-09-26T12:48:06.934Z","level":"info","event":"schema_migrated","from":0,"to":20}
# {"ts":"2026-09-26T12:48:11.122Z","level":"info","event":"schema_column_added","table":"user_whoop_tokens","column":"auth_generation"}
# {"ts":"2026-09-26T12:48:11.123Z","level":"info","event":"schema_migrated","from":0,"to":20}
# {"ts":"2026-09-26T12:48:13.666Z","level":"info","event":"schema_column_added","table":"user_whoop_tokens","column":"auth_generation"}
# {"ts":"2026-09-26T12:48:13.667Z","level":"info","event":"schema_migrated","from":0,"to":20}
# {"ts":"2026-09-26T12:48:17.386Z","level":"info","event":"schema_column_added","table":"user_whoop_tokens","column":"auth_generation"}
# {"ts":"2026-09-26T12:48:17.387Z","level":"info","event":"schema_migrated","from":0,"to":20}
# {"ts":"2026-09-26T12:48:20.307Z","level":"info","event":"schema_column_added","table":"user_whoop_tokens","column":"auth_generation"}
# {"ts":"2026-09-26T12:48:20.308Z","level":"info","event":"schema_migrated","from":0,"to":20}
# {"ts":"2026-09-26T12:48:24.101Z","level":"info","event":"schema_column_added","table":"user_whoop_tokens","column":"auth_generation"}
# {"ts":"2026-09-26T12:48:24.102Z","level":"info","event":"schema_migrated","from":0,"to":20}
# {"ts":"2026-09-26T12:48:26.821Z","level":"info","event":"schema_column_added","table":"user_whoop_tokens","column":"auth_generation"}
# {"ts":"2026-09-26T12:48:26.822Z","level":"info","event":"schema_migrated","from":0,"to":20}
# {"ts":"2026-09-26T12:48:31.441Z","level":"info","event":"schema_column_added","table":"user_whoop_tokens","column":"auth_generation"}
# {"ts":"2026-09-26T12:48:31.442Z","level":"info","event":"schema_migrated","from":0,"to":20}
# Subtest: M: fresh, v26 and full v20 migrations create no historical receipts
    # Subtest: v20→v27
    ok 1 - v20→v27
      ---
      duration_ms: 1179.100542
      type: 'test'
      ...
    # Subtest: v26→v27
    ok 2 - v26→v27
      ---
      duration_ms: 1246.615583
      type: 'test'
      ...
    # Subtest: v27→v27
    ok 3 - v27→v27
      ---
      duration_ms: 1245.502708
      type: 'test'
      ...
    # Subtest: E/M: a genuine RC6 raw-time observation is reused without inserting a canonical alias
    not ok 4 - E/M: a genuine RC6 raw-time observation is reused without inserting a canonical alias
      ---
      duration_ms: 2442.23025
      type: 'test'
      location: '/Users/kelvin/Desktop/whoop-briefing/test/phase4-v27.test.js:35:1'
      failureType: 'cancelledByParent'
      error: 'test did not finish before its parent and was cancelled'
      code: 'ERR_TEST_FAILURE'
      ...
    1..4
not ok 1 - M: fresh, v26 and full v20 migrations create no historical receipts
  ---
  duration_ms: 6113.92825
  type: 'test'
  location: '/Users/kelvin/Desktop/whoop-briefing/test/phase4-v27.test.js:24:1'
  failureType: 'subtestsFailed'
  error: '1 subtest failed'
  code: 'ERR_TEST_FAILURE'
  ...
# Subtest: M: every v27 durable migration interruption resumes exactly
    # Subtest: boundary 1
    ok 1 - boundary 1
      ---
      duration_ms: 1318.818958
      type: 'test'
      ...
    # Subtest: boundary 2
    ok 2 - boundary 2
      ---
      duration_ms: 1292.64425
      type: 'test'
      ...
    # Subtest: boundary 3
    ok 3 - boundary 3
      ---
      duration_ms: 1307.3515
      type: 'test'
      ...
    # Subtest: boundary 4
    ok 4 - boundary 4
      ---
      duration_ms: 1317.496417
      type: 'test'
      ...
    # Subtest: boundary 5
    ok 5 - boundary 5
      ---
      duration_ms: 1429.785208
      type: 'test'
      ...
    # Subtest: boundary 6
    ok 6 - boundary 6
      ---
      duration_ms: 1300.565791
      type: 'test'
      ...
    # Subtest: boundary 7
    ok 7 - boundary 7
      ---
      duration_ms: 1339.93175
      type: 'test'
      ...
    # Subtest: boundary 8
    ok 8 - boundary 8
      ---
      duration_ms: 1274.841417
      type: 'test'
      ...
    # Subtest: boundary 9
    ok 9 - boundary 9
      ---
      duration_ms: 1302.13525
      type: 'test'
      ...
    # Subtest: boundary 10
    ok 10 - boundary 10
      ---
      duration_ms: 1291.647292
      type: 'test'
      ...
    # Subtest: boundary 11
    ok 11 - boundary 11
      ---
      duration_ms: 1322.177
      type: 'test'
      ...
    # Subtest: boundary 12
    ok 12 - boundary 12
      ---
      duration_ms: 1372.137
      type: 'test'
      ...
    # Subtest: boundary 13
    ok 13 - boundary 13
      ---
      duration_ms: 1304.604916
      type: 'test'
      ...
    # Subtest: boundary 14
    ok 14 - boundary 14
      ---
      duration_ms: 1311.588542
      type: 'test'
      ...
    # Subtest: boundary 15
    ok 15 - boundary 15
      ---
      duration_ms: 1286.408833
      type: 'test'
      ...
    1..15
ok 2 - M: every v27 durable migration interruption resumes exactly
  ---
  duration_ms: 19773.765
  type: 'test'
  ...
# Subtest: M: exact schema drift fails closed
ok 3 - M: exact schema drift fails closed
  ---
  duration_ms: 1064.268875
  type: 'test'
  ...
# Subtest: F/M: real pre25 metric cutover
ok 4 - F/M: real pre25 metric cutover
  ---
  duration_ms: 3796.381958
  type: 'test'
  ...
# Subtest: F/M: real v25 metric cutover
ok 5 - F/M: real v25 metric cutover
  ---
  duration_ms: 3883.119166
  type: 'test'
  ...
# Subtest: F/M: real v25 association cutover
ok 6 - F/M: real v25 association cutover
  ---
  duration_ms: 3789.4835
  type: 'test'
  ...
# Subtest: F/M: real rc6 metric cutover
ok 7 - F/M: real rc6 metric cutover
  ---
  duration_ms: 3965.61625
  type: 'test'
  ...
# Subtest: F/M: real rc6 metric-null cutover
ok 8 - F/M: real rc6 metric-null cutover
  ---
  duration_ms: 2472.813
  type: 'test'
  ...
# Subtest: F/M: real rc6 association cutover
ok 9 - F/M: real rc6 association cutover
  ---
  duration_ms: 3922.424958
  type: 'test'
  ...
# Subtest: F/M: real rc6 association-null cutover
ok 10 - F/M: real rc6 association-null cutover
  ---
  duration_ms: 2842.630708
  type: 'test'
  ...
# Subtest: F/M: real rc7 association cutover
ok 11 - F/M: real rc7 association cutover
  ---
  duration_ms: 3924.161042
  type: 'test'
  ...
# Subtest: F/M: real rc6 metric-null ambiguous aliases cutover
ok 12 - F/M: real rc6 metric-null ambiguous aliases cutover
  ---
  duration_ms: 2366.889875
  type: 'test'
  ...
# Subtest: F/M: real rc6 association ambiguous aliases cutover
ok 13 - F/M: real rc6 association ambiguous aliases cutover
  ---
  duration_ms: 5119.747917
  type: 'test'
  ...
1..13
# tests 32
# suites 0
# pass 30
# fail 1
# cancelled 1
# skipped 0
# todo 0
# duration_ms 66414.236333
