TAP version 13
# {"ts":"2026-09-27T04:05:34.353Z","level":"info","event":"schema_column_added","table":"user_whoop_tokens","column":"auth_generation"}
# {"ts":"2026-09-27T04:05:34.355Z","level":"info","event":"schema_migrated","from":0,"to":20}
# {"ts":"2026-09-27T04:05:35.139Z","level":"info","event":"user_created","user_id":"a","status":"ACTIVE"}
# {"ts":"2026-09-27T04:05:35.140Z","level":"info","event":"user_created","user_id":"b","status":"ACTIVE"}
# {"ts":"2026-09-27T04:05:38.064Z","level":"info","event":"schema_column_added","table":"user_whoop_tokens","column":"auth_generation"}
# {"ts":"2026-09-27T04:05:38.065Z","level":"info","event":"schema_migrated","from":0,"to":20}
# {"ts":"2026-09-27T04:05:38.838Z","level":"info","event":"user_created","user_id":"a","status":"ACTIVE"}
# {"ts":"2026-09-27T04:05:38.838Z","level":"info","event":"user_created","user_id":"b","status":"ACTIVE"}
# Subtest: Tri-state Journal association persists exact classified counts, multiplicity and non-causal provenance
ok 1 - Tri-state Journal association persists exact classified counts, multiplicity and non-causal provenance
  ---
  duration_ms: 3716.5765
  type: 'test'
  ...
# {"ts":"2026-09-27T04:05:39.917Z","level":"info","event":"schema_column_added","table":"user_whoop_tokens","column":"auth_generation"}
# {"ts":"2026-09-27T04:05:39.918Z","level":"info","event":"schema_migrated","from":0,"to":20}
# {"ts":"2026-09-27T04:05:40.693Z","level":"info","event":"user_created","user_id":"a","status":"ACTIVE"}
# {"ts":"2026-09-27T04:05:40.694Z","level":"info","event":"user_created","user_id":"b","status":"ACTIVE"}
# Subtest: Full comparison universe retains both 30-day groups with only 16 outcomes each and blocks >40% missingness
ok 2 - Full comparison universe retains both 30-day groups with only 16 outcomes each and blocks >40% missingness
  ---
  duration_ms: 1853.385417
  type: 'test'
  ...
# {"ts":"2026-09-27T04:05:41.264Z","level":"info","event":"schema_column_added","table":"user_whoop_tokens","column":"auth_generation"}
# {"ts":"2026-09-27T04:05:41.264Z","level":"info","event":"schema_migrated","from":0,"to":20}
# {"ts":"2026-09-27T04:05:42.033Z","level":"info","event":"user_created","user_id":"a","status":"ACTIVE"}
# {"ts":"2026-09-27T04:05:42.034Z","level":"info","event":"user_created","user_id":"b","status":"ACTIVE"}
# Subtest: UNKNOWN-heavy valid-outcome windows remain UNKNOWN and fail the promotion confound
ok 3 - UNKNOWN-heavy valid-outcome windows remain UNKNOWN and fail the promotion confound
  ---
  duration_ms: 1346.574958
  type: 'test'
  ...
# {"ts":"2026-09-27T04:05:46.678Z","level":"info","event":"schema_column_added","table":"user_whoop_tokens","column":"auth_generation"}
# {"ts":"2026-09-27T04:05:46.679Z","level":"info","event":"schema_migrated","from":0,"to":20}
# {"ts":"2026-09-27T04:05:47.457Z","level":"info","event":"user_created","user_id":"a","status":"ACTIVE"}
# {"ts":"2026-09-27T04:05:47.458Z","level":"info","event":"user_created","user_id":"b","status":"ACTIVE"}
# Subtest: Shuffled hypotheses and source arrays converge on identical association hashes and identities
ok 4 - Shuffled hypotheses and source arrays converge on identical association hashes and identities
  ---
  duration_ms: 5414.133
  type: 'test'
  ...
# {"ts":"2026-09-27T04:05:47.574Z","level":"info","event":"schema_column_added","table":"user_whoop_tokens","column":"auth_generation"}
# {"ts":"2026-09-27T04:05:47.575Z","level":"info","event":"schema_migrated","from":0,"to":20}
# {"ts":"2026-09-27T04:05:48.353Z","level":"info","event":"user_created","user_id":"a","status":"ACTIVE"}
# {"ts":"2026-09-27T04:05:48.353Z","level":"info","event":"user_created","user_id":"b","status":"ACTIVE"}
# Subtest: A correction created after T cannot replace the readable revision authoritative at T
ok 5 - A correction created after T cannot replace the readable revision authoritative at T
  ---
  duration_ms: 896.138625
  type: 'test'
  ...
# {"ts":"2026-09-27T04:05:48.517Z","level":"info","event":"schema_column_added","table":"user_whoop_tokens","column":"auth_generation"}
# {"ts":"2026-09-27T04:05:48.517Z","level":"info","event":"schema_migrated","from":0,"to":20}
# {"ts":"2026-09-27T04:05:49.301Z","level":"info","event":"user_created","user_id":"a","status":"ACTIVE"}
# {"ts":"2026-09-27T04:05:49.301Z","level":"info","event":"user_created","user_id":"b","status":"ACTIVE"}
# Subtest: Future-created Journal facts and coverage stay UNKNOWN at T and replay identically later
ok 6 - Future-created Journal facts and coverage stay UNKNOWN at T and replay identically later
  ---
  duration_ms: 942.486125
  type: 'test'
  ...
# {"ts":"2026-09-27T04:05:54.239Z","level":"info","event":"schema_column_added","table":"user_whoop_tokens","column":"auth_generation"}
# {"ts":"2026-09-27T04:05:54.240Z","level":"info","event":"schema_migrated","from":0,"to":20}
# {"ts":"2026-09-27T04:05:55.022Z","level":"info","event":"user_created","user_id":"a","status":"ACTIVE"}
# {"ts":"2026-09-27T04:05:55.023Z","level":"info","event":"user_created","user_id":"b","status":"ACTIVE"}
# Subtest: Insight expiry uses explicit semantic time even when processing happens much later
ok 7 - Insight expiry uses explicit semantic time even when processing happens much later
  ---
  duration_ms: 5722.468167
  type: 'test'
  ...
# {"ts":"2026-09-27T04:06:02.842Z","level":"info","event":"schema_column_added","table":"user_whoop_tokens","column":"auth_generation"}
# {"ts":"2026-09-27T04:06:02.843Z","level":"info","event":"schema_migrated","from":0,"to":20}
# {"ts":"2026-09-27T04:06:03.625Z","level":"info","event":"user_created","user_id":"a","status":"ACTIVE"}
# {"ts":"2026-09-27T04:06:03.625Z","level":"info","event":"user_created","user_id":"b","status":"ACTIVE"}
# Subtest: A second non-overlapping supporting run promotes EMERGING to SUPPORTED, never HYPOTHESIS directly
ok 8 - A second non-overlapping supporting run promotes EMERGING to SUPPORTED, never HYPOTHESIS directly
  ---
  duration_ms: 8602.559917
  type: 'test'
  ...
# {"ts":"2026-09-27T04:06:06.639Z","level":"info","event":"schema_column_added","table":"user_whoop_tokens","column":"auth_generation"}
# {"ts":"2026-09-27T04:06:06.640Z","level":"info","event":"schema_migrated","from":0,"to":20}
# {"ts":"2026-09-27T04:06:07.426Z","level":"info","event":"user_created","user_id":"a","status":"ACTIVE"}
# {"ts":"2026-09-27T04:06:07.426Z","level":"info","event":"user_created","user_id":"b","status":"ACTIVE"}
# Subtest: Association replay is byte-stable and does not append evidence or insight revisions
ok 9 - Association replay is byte-stable and does not append evidence or insight revisions
  ---
  duration_ms: 3797.604209
  type: 'test'
  ...
# {"ts":"2026-09-27T04:06:07.663Z","level":"info","event":"schema_column_added","table":"user_whoop_tokens","column":"auth_generation"}
# {"ts":"2026-09-27T04:06:07.664Z","level":"info","event":"schema_migrated","from":0,"to":20}
# {"ts":"2026-09-27T04:06:08.472Z","level":"info","event":"user_created","user_id":"a","status":"ACTIVE"}
# {"ts":"2026-09-27T04:06:08.472Z","level":"info","event":"user_created","user_id":"b","status":"ACTIVE"}
# Subtest: Insufficient samples and UNKNOWN absence persist evidence but cannot create an insight
ok 10 - Insufficient samples and UNKNOWN absence persist evidence but cannot create an insight
  ---
  duration_ms: 1023.154125
  type: 'test'
  ...
# {"ts":"2026-09-27T04:06:26.634Z","level":"info","event":"schema_column_added","table":"user_whoop_tokens","column":"auth_generation"}
# {"ts":"2026-09-27T04:06:26.635Z","level":"info","event":"schema_migrated","from":0,"to":20}
# {"ts":"2026-09-27T04:06:27.429Z","level":"info","event":"user_created","user_id":"a","status":"ACTIVE"}
# {"ts":"2026-09-27T04:06:27.430Z","level":"info","event":"user_created","user_id":"b","status":"ACTIVE"}
# Subtest: Repeated opposite evidence weakens a supported insight and records contradiction without causal refutation
ok 11 - Repeated opposite evidence weakens a supported insight and records contradiction without causal refutation
  ---
  duration_ms: 18971.743666
  type: 'test'
  ...
# {"ts":"2026-09-27T04:06:32.360Z","level":"info","event":"schema_column_added","table":"user_whoop_tokens","column":"auth_generation"}
# {"ts":"2026-09-27T04:06:32.360Z","level":"info","event":"schema_migrated","from":0,"to":20}
# {"ts":"2026-09-27T04:06:33.154Z","level":"info","event":"user_created","user_id":"a","status":"ACTIVE"}
# {"ts":"2026-09-27T04:06:33.155Z","level":"info","event":"user_created","user_id":"b","status":"ACTIVE"}
# Subtest: Insight expiry is an explicit retained revision and expired memory is not current
ok 12 - Insight expiry is an explicit retained revision and expired memory is not current
  ---
  duration_ms: 5725.760083
  type: 'test'
  ...
# {"ts":"2026-09-27T04:06:36.081Z","level":"info","event":"schema_column_added","table":"user_whoop_tokens","column":"auth_generation"}
# {"ts":"2026-09-27T04:06:36.082Z","level":"info","event":"schema_migrated","from":0,"to":20}
# {"ts":"2026-09-27T04:06:36.879Z","level":"info","event":"user_created","user_id":"a","status":"ACTIVE"}
# {"ts":"2026-09-27T04:06:36.879Z","level":"info","event":"user_created","user_id":"b","status":"ACTIVE"}
# Subtest: A candidate that ages out before repetition is retired as REJECTED, not promoted or silently deleted
ok 13 - A candidate that ages out before repetition is retired as REJECTED, not promoted or silently deleted
  ---
  duration_ms: 3721.225833
  type: 'test'
  ...
# {"ts":"2026-09-27T04:06:39.814Z","level":"info","event":"schema_column_added","table":"user_whoop_tokens","column":"auth_generation"}
# {"ts":"2026-09-27T04:06:39.814Z","level":"info","event":"schema_migrated","from":0,"to":20}
# {"ts":"2026-09-27T04:06:40.654Z","level":"info","event":"user_created","user_id":"a","status":"ACTIVE"}
# {"ts":"2026-09-27T04:06:40.654Z","level":"info","event":"user_created","user_id":"b","status":"ACTIVE"}
# Subtest: Deleting a linked Journal fact redacts transitive evidence and insight content and prevents source replay resurrection
ok 14 - Deleting a linked Journal fact redacts transitive evidence and insight content and prevents source replay resurrection
  ---
  duration_ms: 3732.210041
  type: 'test'
  ...
# Subtest: Association inputs remain tenant-bound and LIVE authority cannot execute Stage 5
ok 15 - Association inputs remain tenant-bound and LIVE authority cannot execute Stage 5
  ---
  duration_ms: 1015.6795
  type: 'test'
  ...
1..15
# tests 15
# suites 0
# pass 15
# fail 0
# cancelled 0
# skipped 0
# todo 0
# duration_ms 66652.934375
