TAP version 13
# {"ts":"2026-09-28T07:28:35.661Z","level":"info","event":"schema_column_added","table":"user_whoop_tokens","column":"auth_generation"}
# {"ts":"2026-09-28T07:28:35.665Z","level":"info","event":"schema_migrated","from":0,"to":20}
# {"ts":"2026-09-28T07:28:36.952Z","level":"info","event":"user_created","user_id":"a","status":"ACTIVE"}
# {"ts":"2026-09-28T07:28:36.954Z","level":"info","event":"user_created","user_id":"b","status":"ACTIVE"}
# {"ts":"2026-09-28T07:28:39.904Z","level":"info","event":"schema_column_added","table":"user_whoop_tokens","column":"auth_generation"}
# {"ts":"2026-09-28T07:28:39.905Z","level":"info","event":"schema_migrated","from":0,"to":20}
# {"ts":"2026-09-28T07:28:41.175Z","level":"info","event":"user_created","user_id":"a","status":"ACTIVE"}
# {"ts":"2026-09-28T07:28:41.175Z","level":"info","event":"user_created","user_id":"b","status":"ACTIVE"}
# Subtest: H: every admitted metric absence state is durable and distinct after restart
    # Subtest: POSITIVE
    ok 1 - POSITIVE
      ---
      duration_ms: 4251.114666
      type: 'test'
      ...
# {"ts":"2026-09-28T07:28:41.447Z","level":"info","event":"schema_column_added","table":"user_whoop_tokens","column":"auth_generation"}
# {"ts":"2026-09-28T07:28:41.448Z","level":"info","event":"schema_migrated","from":0,"to":20}
# {"ts":"2026-09-28T07:28:42.730Z","level":"info","event":"user_created","user_id":"a","status":"ACTIVE"}
# {"ts":"2026-09-28T07:28:42.731Z","level":"info","event":"user_created","user_id":"b","status":"ACTIVE"}
    # Subtest: WARMING_UP
    ok 2 - WARMING_UP
      ---
      duration_ms: 1542.989583
      type: 'test'
      ...
# {"ts":"2026-09-28T07:28:43.693Z","level":"info","event":"schema_column_added","table":"user_whoop_tokens","column":"auth_generation"}
# {"ts":"2026-09-28T07:28:43.694Z","level":"info","event":"schema_migrated","from":0,"to":20}
# {"ts":"2026-09-28T07:28:44.979Z","level":"info","event":"user_created","user_id":"a","status":"ACTIVE"}
# {"ts":"2026-09-28T07:28:44.980Z","level":"info","event":"user_created","user_id":"b","status":"ACTIVE"}
    # Subtest: NO_CHANGE
    ok 3 - NO_CHANGE
      ---
      duration_ms: 2245.802292
      type: 'test'
      ...
# {"ts":"2026-09-28T07:28:45.950Z","level":"info","event":"schema_column_added","table":"user_whoop_tokens","column":"auth_generation"}
# {"ts":"2026-09-28T07:28:45.951Z","level":"info","event":"schema_migrated","from":0,"to":20}
# {"ts":"2026-09-28T07:28:47.238Z","level":"info","event":"user_created","user_id":"a","status":"ACTIVE"}
# {"ts":"2026-09-28T07:28:47.239Z","level":"info","event":"user_created","user_id":"b","status":"ACTIVE"}
    # Subtest: NO_DATA
    ok 4 - NO_DATA
      ---
      duration_ms: 2255.594334
      type: 'test'
      ...
# {"ts":"2026-09-28T07:28:48.225Z","level":"info","event":"schema_column_added","table":"user_whoop_tokens","column":"auth_generation"}
# {"ts":"2026-09-28T07:28:48.226Z","level":"info","event":"schema_migrated","from":0,"to":20}
# {"ts":"2026-09-28T07:28:49.524Z","level":"info","event":"user_created","user_id":"a","status":"ACTIVE"}
# {"ts":"2026-09-28T07:28:49.524Z","level":"info","event":"user_created","user_id":"b","status":"ACTIVE"}
    # Subtest: INSUFFICIENT_QUALITY
    ok 5 - INSUFFICIENT_QUALITY
      ---
      duration_ms: 2275.400458
      type: 'test'
      ...
# {"ts":"2026-09-28T07:28:49.966Z","level":"info","event":"schema_column_added","table":"user_whoop_tokens","column":"auth_generation"}
# {"ts":"2026-09-28T07:28:49.967Z","level":"info","event":"schema_migrated","from":0,"to":20}
# {"ts":"2026-09-28T07:28:51.263Z","level":"info","event":"user_created","user_id":"a","status":"ACTIVE"}
# {"ts":"2026-09-28T07:28:51.264Z","level":"info","event":"user_created","user_id":"b","status":"ACTIVE"}
    # Subtest: INSUFFICIENT_EVIDENCE
    ok 6 - INSUFFICIENT_EVIDENCE
      ---
      duration_ms: 1739.810791
      type: 'test'
      ...
    1..6
ok 1 - H: every admitted metric absence state is durable and distinct after restart
  ---
  duration_ms: 14313.145375
  type: 'test'
  ...
# {"ts":"2026-09-28T07:28:57.926Z","level":"info","event":"schema_column_added","table":"user_whoop_tokens","column":"auth_generation"}
# {"ts":"2026-09-28T07:28:57.927Z","level":"info","event":"schema_migrated","from":0,"to":20}
# {"ts":"2026-09-28T07:28:59.283Z","level":"info","event":"user_created","user_id":"a","status":"ACTIVE"}
# {"ts":"2026-09-28T07:28:59.283Z","level":"info","event":"user_created","user_id":"b","status":"ACTIVE"}
# Subtest: D/E: metric, as-of, profile, family and canonical set permutations have explicit identity behavior
ok 2 - D/E: metric, as-of, profile, family and canonical set permutations have explicit identity behavior
  ---
  duration_ms: 7959.39575
  type: 'test'
  ...
# {"ts":"2026-09-28T07:28:59.946Z","level":"info","event":"schema_column_added","table":"user_whoop_tokens","column":"auth_generation"}
# {"ts":"2026-09-28T07:28:59.947Z","level":"info","event":"schema_migrated","from":0,"to":20}
# {"ts":"2026-09-28T07:29:01.312Z","level":"info","event":"user_created","user_id":"a","status":"ACTIVE"}
# {"ts":"2026-09-28T07:29:01.313Z","level":"info","event":"user_created","user_id":"b","status":"ACTIVE"}
# Subtest: E: a future Journal transaction absent at semantic as-of cannot split operation identity
ok 3 - E: a future Journal transaction absent at semantic as-of cannot split operation identity
  ---
  duration_ms: 2019.204708
  type: 'test'
  ...
# {"ts":"2026-09-28T07:29:04.407Z","level":"info","event":"schema_column_added","table":"user_whoop_tokens","column":"auth_generation"}
# {"ts":"2026-09-28T07:29:04.409Z","level":"info","event":"schema_migrated","from":0,"to":20}
# {"ts":"2026-09-28T07:29:05.767Z","level":"info","event":"user_created","user_id":"a","status":"ACTIVE"}
# {"ts":"2026-09-28T07:29:05.768Z","level":"info","event":"user_created","user_id":"b","status":"ACTIVE"}
# Subtest: D: association factor, outcome, lag, family, generation and algorithm scope independently bind results
ok 4 - D: association factor, outcome, lag, family, generation and algorithm scope independently bind results
  ---
  duration_ms: 4461.984959
  type: 'test'
  ...
# {"ts":"2026-09-28T07:29:05.924Z","level":"info","event":"schema_column_added","table":"user_whoop_tokens","column":"auth_generation"}
# {"ts":"2026-09-28T07:29:05.926Z","level":"info","event":"schema_migrated","from":0,"to":20}
# {"ts":"2026-09-28T07:29:05.926Z","level":"info","event":"user_created","user_id":"legacy","status":"ACTIVE"}
# {"ts":"2026-09-28T07:29:05.926Z","level":"info","event":"insight_created"}
# {"ts":"2026-09-28T07:29:07.240Z","level":"info","event":"schema_column_added","table":"user_whoop_tokens","column":"auth_generation"}
# {"ts":"2026-09-28T07:29:07.241Z","level":"info","event":"schema_migrated","from":0,"to":20}
# {"ts":"2026-09-28T07:29:08.649Z","level":"info","event":"user_created","user_id":"a","status":"ACTIVE"}
# {"ts":"2026-09-28T07:29:08.650Z","level":"info","event":"user_created","user_id":"b","status":"ACTIVE"}
# Subtest: H/C: never computed, missing receipt, corrupt and redacted are distinct reader outcomes
ok 5 - H/C: never computed, missing receipt, corrupt and redacted are distinct reader outcomes
  ---
  duration_ms: 1515.314333
  type: 'test'
  ...
# {"ts":"2026-09-28T07:29:12.481Z","level":"info","event":"schema_column_added","table":"user_whoop_tokens","column":"auth_generation"}
# {"ts":"2026-09-28T07:29:12.482Z","level":"info","event":"schema_migrated","from":0,"to":20}
# {"ts":"2026-09-28T07:29:13.897Z","level":"info","event":"user_created","user_id":"a","status":"ACTIVE"}
# {"ts":"2026-09-28T07:29:13.898Z","level":"info","event":"user_created","user_id":"b","status":"ACTIVE"}
# Subtest: ownership: every legacy insight mutator rejects authoritative and redacted rows, including v20 compatibility
ok 6 - ownership: every legacy insight mutator rejects authoritative and redacted rows, including v20 compatibility
  ---
  duration_ms: 6556.546625
  type: 'test'
  ...
# Subtest: L: source generation change between preparation and commit rolls back the whole result
ok 7 - L: source generation change between preparation and commit rolls back the whole result
  ---
  duration_ms: 2598.758958
  type: 'test'
  ...
1..7
# tests 13
# suites 0
# pass 13
# fail 0
# cancelled 0
# skipped 0
# todo 0
# duration_ms 39679.491417
